WARNING: A restricted method in java.lang.System has been called
WARNING: java.lang.System::load has been called by org.fusesource.jansi.internal.JansiLoader in an unnamed module (file:/C:/Users/haasi/OneDrive/Documents/ChatGPT/PROJECTS/talent-matcher/.tools/apache-maven-3.9.9/lib/jansi-2.4.1.jar)
WARNING: Use --enable-native-access=ALL-UNNAMED to avoid a warning for callers in this module
WARNING: Restricted methods will be blocked in a future release unless native access is enabled

WARNING: A terminally deprecated method in sun.misc.Unsafe has been called
WARNING: sun.misc.Unsafe::objectFieldOffset has been called by com.google.common.util.concurrent.AbstractFuture$UnsafeAtomicHelper (file:/C:/Users/haasi/OneDrive/Documents/ChatGPT/PROJECTS/talent-matcher/.tools/apache-maven-3.9.9/lib/guava-33.2.1-jre.jar)
WARNING: Please consider reporting this to the maintainers of class com.google.common.util.concurrent.AbstractFuture$UnsafeAtomicHelper
WARNING: sun.misc.Unsafe::objectFieldOffset will be removed in a future release
[INFO] Scanning for projects...
[INFO] 
[INFO] ------------------< com.talentmatcher:talent-matcher >------------------
[INFO] Building talent-matcher 1.0.0
[INFO]   from pom.xml
[INFO] --------------------------------[ jar ]---------------------------------
[INFO] 
[INFO] --- clean:3.2.0:clean (default-clean) @ talent-matcher ---
[INFO] Deleting C:\Users\haasi\OneDrive\Documents\ChatGPT\PROJECTS\talent-matcher\target
[INFO] 
[INFO] --- resources:3.3.1:resources (default-resources) @ talent-matcher ---
[INFO] skip non existing resourceDirectory C:\Users\haasi\OneDrive\Documents\ChatGPT\PROJECTS\talent-matcher\src\main\resources
[INFO] 
[INFO] --- compiler:3.13.0:compile (default-compile) @ talent-matcher ---
[INFO] Recompiling the module because of changed source code.
[INFO] Compiling 23 source files with javac [debug release 17] to target\classes
[INFO] 
[INFO] --- resources:3.3.1:testResources (default-testResources) @ talent-matcher ---
[INFO] skip non existing resourceDirectory C:\Users\haasi\OneDrive\Documents\ChatGPT\PROJECTS\talent-matcher\src\test\resources
[INFO] 
[INFO] --- compiler:3.13.0:testCompile (default-testCompile) @ talent-matcher ---
[INFO] Recompiling the module because of changed dependency.
[INFO] Compiling 1 source file with javac [debug release 17] to target\test-classes
[INFO] 
[INFO] --- surefire:3.5.2:test (default-test) @ talent-matcher ---
[INFO] Using auto detected provider org.apache.maven.surefire.junitplatform.JUnitPlatformProvider
[INFO] 
[INFO] -------------------------------------------------------
[INFO]  T E S T S
[INFO] -------------------------------------------------------
[INFO] Running com.talentmatcher.EngineTest
[INFO] Tests run: 12, Failures: 0, Errors: 0, Skipped: 0, Time elapsed: 0.222 s -- in com.talentmatcher.EngineTest
[INFO] 
[INFO] Results:
[INFO] 
[INFO] Tests run: 12, Failures: 0, Errors: 0, Skipped: 0
[INFO] 
[INFO] ------------------------------------------------------------------------
[INFO] BUILD SUCCESS
[INFO] ------------------------------------------------------------------------
[INFO] Total time:  7.997 s
[INFO] Finished at: 2026-09-11T11:30:02+05:30
[INFO] ------------------------------------------------------------------------
